2025-11-14 17:41:47,763 [trainer.py] => prefix: -
2025-11-14 17:41:47,764 [trainer.py] => dataset: cifar224
2025-11-14 17:41:47,764 [trainer.py] => shuffle: True
2025-11-14 17:41:47,764 [trainer.py] => init_cls: 10
2025-11-14 17:41:47,765 [trainer.py] => increment: 10
2025-11-14 17:41:47,765 [trainer.py] => convnet_type: clip
2025-11-14 17:41:47,765 [trainer.py] => device: [device(type='cuda', index=0)]
2025-11-14 17:41:47,766 [trainer.py] => seed: 1993
2025-11-14 17:41:47,766 [trainer.py] => projection_type: pure_mlp
2025-11-14 17:41:47,766 [trainer.py] => frozen_layers: visual
2025-11-14 17:41:47,767 [trainer.py] => tuned_epoch: 17
2025-11-14 17:41:47,767 [trainer.py] => init_lr: 0.05
2025-11-14 17:41:47,767 [trainer.py] => batch_size: 128
2025-11-14 17:41:47,767 [trainer.py] => weight_decay: 0.05
2025-11-14 17:41:47,768 [trainer.py] => min_lr: 0
2025-11-14 17:41:47,768 [trainer.py] => optimizer: sgd
2025-11-14 17:41:47,768 [trainer.py] => text_des: 2
2025-11-14 17:41:47,768 [trainer.py] => image_aug: 0.5
2025-11-14 17:41:47,768 [trainer.py] => stat: 0.1
2025-11-14 17:41:47,768 [trainer.py] => config: exps/cifar_0_10.json
2025-11-14 17:41:47,769 [trainer.py] => sample_num: 0
2025-11-14 17:41:47,769 [trainer.py] => Kt: 64
2025-11-14 17:41:47,769 [trainer.py] => project_name: test
2025-11-14 17:41:47,769 [trainer.py] => img_only: False
2025-11-14 17:41:47,769 [trainer.py] => loss_type: CE
2025-11-14 17:41:47,770 [trainer.py] => save_feat: 0
2025-11-14 17:41:47,770 [trainer.py] => model_name: bofa
2025-11-14 17:41:47,770 [trainer.py] => out_dir: /home/lan/result/test/wandb/run-20251114_174142-mtkwpkbx/files
2025-11-14 17:41:47,770 [trainer.py] => use_up_cov: True
2025-11-14 17:41:47,770 [trainer.py] => use_up_cen: True
2025-11-14 17:41:49,579 [data_manager.py] => [68, 56, 78, 8, 23, 84, 90, 65, 74, 76, 40, 89, 3, 92, 55, 9, 26, 80, 43, 38, 58, 70, 77, 1, 85, 19, 17, 50, 28, 53, 13, 81, 45, 82, 6, 59, 83, 16, 15, 44, 91, 41, 72, 60, 79, 52, 20, 10, 31, 54, 37, 95, 14, 71, 96, 98, 97, 2, 64, 66, 42, 22, 35, 86, 24, 34, 87, 21, 99, 0, 88, 27, 18, 94, 11, 12, 47, 25, 30, 46, 62, 69, 36, 61, 7, 63, 75, 5, 32, 4, 51, 48, 73, 93, 39, 67, 29, 49, 57, 33]
2025-11-14 17:42:24,970 [trainer.py] => prefix: -
2025-11-14 17:42:24,971 [trainer.py] => dataset: cifar224
2025-11-14 17:42:24,971 [trainer.py] => shuffle: True
2025-11-14 17:42:24,971 [trainer.py] => init_cls: 10
2025-11-14 17:42:24,971 [trainer.py] => increment: 10
2025-11-14 17:42:24,972 [trainer.py] => convnet_type: clip
2025-11-14 17:42:24,972 [trainer.py] => device: [device(type='cuda', index=0)]
2025-11-14 17:42:24,972 [trainer.py] => seed: 1993
2025-11-14 17:42:24,972 [trainer.py] => projection_type: pure_mlp
2025-11-14 17:42:24,972 [trainer.py] => frozen_layers: visual
2025-11-14 17:42:24,973 [trainer.py] => tuned_epoch: 17
2025-11-14 17:42:24,973 [trainer.py] => init_lr: 0.05
2025-11-14 17:42:24,973 [trainer.py] => batch_size: 128
2025-11-14 17:42:24,973 [trainer.py] => weight_decay: 0.05
2025-11-14 17:42:24,974 [trainer.py] => min_lr: 0
2025-11-14 17:42:24,974 [trainer.py] => optimizer: sgd
2025-11-14 17:42:24,974 [trainer.py] => text_des: 2
2025-11-14 17:42:24,974 [trainer.py] => image_aug: 0.5
2025-11-14 17:42:24,974 [trainer.py] => stat: 0.1
2025-11-14 17:42:24,974 [trainer.py] => config: exps/cifar_0_10.json
2025-11-14 17:42:24,975 [trainer.py] => sample_num: 0
2025-11-14 17:42:24,975 [trainer.py] => Kt: 64
2025-11-14 17:42:24,975 [trainer.py] => project_name: test
2025-11-14 17:42:24,975 [trainer.py] => img_only: False
2025-11-14 17:42:24,975 [trainer.py] => loss_type: CE
2025-11-14 17:42:24,976 [trainer.py] => save_feat: 0
2025-11-14 17:42:24,976 [trainer.py] => model_name: bofa
2025-11-14 17:42:24,976 [trainer.py] => out_dir: /home/lan/result/test/wandb/run-20251114_174219-73lii9me/files
2025-11-14 17:42:24,976 [trainer.py] => use_up_cov: True
2025-11-14 17:42:24,976 [trainer.py] => use_up_cen: True
2025-11-14 17:42:26,182 [data_manager.py] => [68, 56, 78, 8, 23, 84, 90, 65, 74, 76, 40, 89, 3, 92, 55, 9, 26, 80, 43, 38, 58, 70, 77, 1, 85, 19, 17, 50, 28, 53, 13, 81, 45, 82, 6, 59, 83, 16, 15, 44, 91, 41, 72, 60, 79, 52, 20, 10, 31, 54, 37, 95, 14, 71, 96, 98, 97, 2, 64, 66, 42, 22, 35, 86, 24, 34, 87, 21, 99, 0, 88, 27, 18, 94, 11, 12, 47, 25, 30, 46, 62, 69, 36, 61, 7, 63, 75, 5, 32, 4, 51, 48, 73, 93, 39, 67, 29, 49, 57, 33]
2025-11-14 17:46:42,746 [trainer.py] => prefix: -
2025-11-14 17:46:42,748 [trainer.py] => dataset: cifar224
2025-11-14 17:46:42,748 [trainer.py] => shuffle: True
2025-11-14 17:46:42,748 [trainer.py] => init_cls: 10
2025-11-14 17:46:42,748 [trainer.py] => increment: 10
2025-11-14 17:46:42,749 [trainer.py] => convnet_type: clip
2025-11-14 17:46:42,749 [trainer.py] => device: [device(type='cuda', index=0)]
2025-11-14 17:46:42,749 [trainer.py] => seed: 1993
2025-11-14 17:46:42,749 [trainer.py] => projection_type: pure_mlp
2025-11-14 17:46:42,749 [trainer.py] => frozen_layers: visual
2025-11-14 17:46:42,749 [trainer.py] => tuned_epoch: 17
2025-11-14 17:46:42,750 [trainer.py] => init_lr: 0.05
2025-11-14 17:46:42,750 [trainer.py] => batch_size: 128
2025-11-14 17:46:42,750 [trainer.py] => weight_decay: 0.05
2025-11-14 17:46:42,750 [trainer.py] => min_lr: 0
2025-11-14 17:46:42,750 [trainer.py] => optimizer: sgd
2025-11-14 17:46:42,750 [trainer.py] => text_des: 2
2025-11-14 17:46:42,751 [trainer.py] => image_aug: 0.5
2025-11-14 17:46:42,751 [trainer.py] => stat: 0.1
2025-11-14 17:46:42,751 [trainer.py] => config: exps/cifar_0_10.json
2025-11-14 17:46:42,751 [trainer.py] => sample_num: 0
2025-11-14 17:46:42,751 [trainer.py] => Kt: 64
2025-11-14 17:46:42,751 [trainer.py] => project_name: test
2025-11-14 17:46:42,751 [trainer.py] => img_only: False
2025-11-14 17:46:42,752 [trainer.py] => loss_type: CE
2025-11-14 17:46:42,752 [trainer.py] => save_feat: 0
2025-11-14 17:46:42,752 [trainer.py] => model_name: bofa
2025-11-14 17:46:42,752 [trainer.py] => out_dir: /home/lan/result/test/wandb/run-20251114_174637-nzmdaj6c/files
2025-11-14 17:46:42,752 [trainer.py] => use_up_cov: True
2025-11-14 17:46:42,752 [trainer.py] => use_up_cen: True
2025-11-14 17:46:43,928 [data_manager.py] => [68, 56, 78, 8, 23, 84, 90, 65, 74, 76, 40, 89, 3, 92, 55, 9, 26, 80, 43, 38, 58, 70, 77, 1, 85, 19, 17, 50, 28, 53, 13, 81, 45, 82, 6, 59, 83, 16, 15, 44, 91, 41, 72, 60, 79, 52, 20, 10, 31, 54, 37, 95, 14, 71, 96, 98, 97, 2, 64, 66, 42, 22, 35, 86, 24, 34, 87, 21, 99, 0, 88, 27, 18, 94, 11, 12, 47, 25, 30, 46, 62, 69, 36, 61, 7, 63, 75, 5, 32, 4, 51, 48, 73, 93, 39, 67, 29, 49, 57, 33]
2025-11-14 17:47:57,901 [trainer.py] => prefix: -
2025-11-14 17:47:57,902 [trainer.py] => dataset: cifar224
2025-11-14 17:47:57,902 [trainer.py] => shuffle: True
2025-11-14 17:47:57,902 [trainer.py] => init_cls: 10
2025-11-14 17:47:57,902 [trainer.py] => increment: 10
2025-11-14 17:47:57,902 [trainer.py] => convnet_type: clip
2025-11-14 17:47:57,903 [trainer.py] => device: [device(type='cuda', index=0)]
2025-11-14 17:47:57,903 [trainer.py] => seed: 1993
2025-11-14 17:47:57,903 [trainer.py] => projection_type: pure_mlp
2025-11-14 17:47:57,903 [trainer.py] => frozen_layers: visual
2025-11-14 17:47:57,903 [trainer.py] => tuned_epoch: 17
2025-11-14 17:47:57,904 [trainer.py] => init_lr: 0.05
2025-11-14 17:47:57,904 [trainer.py] => batch_size: 128
2025-11-14 17:47:57,904 [trainer.py] => weight_decay: 0.05
2025-11-14 17:47:57,904 [trainer.py] => min_lr: 0
2025-11-14 17:47:57,904 [trainer.py] => optimizer: sgd
2025-11-14 17:47:57,904 [trainer.py] => text_des: 2
2025-11-14 17:47:57,905 [trainer.py] => image_aug: 0.5
2025-11-14 17:47:57,905 [trainer.py] => stat: 0.1
2025-11-14 17:47:57,905 [trainer.py] => config: exps/cifar_0_10.json
2025-11-14 17:47:57,905 [trainer.py] => sample_num: 0
2025-11-14 17:47:57,905 [trainer.py] => Kt: 64
2025-11-14 17:47:57,905 [trainer.py] => project_name: test
2025-11-14 17:47:57,906 [trainer.py] => img_only: False
2025-11-14 17:47:57,906 [trainer.py] => loss_type: CE
2025-11-14 17:47:57,906 [trainer.py] => save_feat: 0
2025-11-14 17:47:57,906 [trainer.py] => model_name: bofa
2025-11-14 17:47:57,906 [trainer.py] => out_dir: /home/lan/result/test/wandb/run-20251114_174752-fmgypqi8/files
2025-11-14 17:47:57,906 [trainer.py] => use_up_cov: True
2025-11-14 17:47:57,907 [trainer.py] => use_up_cen: True
2025-11-14 17:47:59,165 [data_manager.py] => [68, 56, 78, 8, 23, 84, 90, 65, 74, 76, 40, 89, 3, 92, 55, 9, 26, 80, 43, 38, 58, 70, 77, 1, 85, 19, 17, 50, 28, 53, 13, 81, 45, 82, 6, 59, 83, 16, 15, 44, 91, 41, 72, 60, 79, 52, 20, 10, 31, 54, 37, 95, 14, 71, 96, 98, 97, 2, 64, 66, 42, 22, 35, 86, 24, 34, 87, 21, 99, 0, 88, 27, 18, 94, 11, 12, 47, 25, 30, 46, 62, 69, 36, 61, 7, 63, 75, 5, 32, 4, 51, 48, 73, 93, 39, 67, 29, 49, 57, 33]
2025-11-14 17:48:00,527 [instantiator.py] => Created a temporary directory at /tmp/tmpdgima0z2
2025-11-14 17:48:00,528 [instantiator.py] => Writing /tmp/tmpdgima0z2/_remote_module_non_scriptable.py
2025-11-14 17:48:00,783 [factory.py] => Parsing model identifier. Schema: None, Identifier: ViT-B-16
2025-11-14 17:48:00,784 [factory.py] => Loaded built-in ViT-B-16 model config.
2025-11-14 17:48:02,356 [factory.py] => Instantiating model architecture: CLIP
2025-11-14 17:48:04,104 [factory.py] => Loading full pretrained weights from: cache_dir/models--timm--vit_base_patch16_clip_224.laion400m_e32/snapshots/f07dd91aded299f886ab2e484b7fb84de65fc46d/open_clip_model.safetensors
2025-11-14 17:48:05,811 [factory.py] => Final image preprocessing configuration set: {'size': (224, 224), 'mode': 'RGB', 'mean': (0.48145466, 0.4578275, 0.40821073), 'std': (0.26862954, 0.26130258, 0.27577711), 'interpolation': 'bicubic', 'resize_mode': 'shortest', 'fill_color': 0}
2025-11-14 17:48:05,812 [factory.py] => Model ViT-B-16 creation process complete.
2025-11-14 17:48:05,814 [factory.py] => Parsing tokenizer identifier. Schema: None, Identifier: ViT-B-16
2025-11-14 17:48:05,815 [factory.py] => Attempting to load config from built-in: ViT-B-16
2025-11-14 17:48:05,815 [factory.py] => Using default SimpleTokenizer.
2025-11-14 17:48:06,296 [trainer.py] => All params: 150046721
2025-11-14 17:48:06,301 [trainer.py] => Trainable params: 32768
2025-11-14 17:48:06,302 [bofa.py] => Learning on 0-10
2025-11-14 17:48:48,976 [bofa.py] => Eval Test Loader: Zero_Shot_Lam: 97.00
2025-11-14 17:49:06,792 [bofa.py] => Task 0, Epoch 1/17 => Loss_Clip 0.686, Train_acc 96.50
2025-11-14 17:49:25,091 [bofa.py] => Task 0, Epoch 2/17 => Loss_Clip 0.349, Train_acc 97.82
2025-11-14 17:49:43,157 [bofa.py] => Task 0, Epoch 3/17 => Loss_Clip 0.375, Train_acc 96.90
2025-11-14 17:50:01,383 [bofa.py] => Task 0, Epoch 4/17 => Loss_Clip 0.364, Train_acc 97.10
2025-11-14 17:50:19,669 [bofa.py] => Task 0, Epoch 5/17 => Loss_Clip 0.429, Train_acc 94.72
2025-11-14 17:50:37,750 [bofa.py] => Task 0, Epoch 6/17 => Loss_Clip 0.329, Train_acc 97.86
2025-11-14 17:50:56,083 [bofa.py] => Task 0, Epoch 7/17 => Loss_Clip 0.334, Train_acc 97.88
2025-11-14 17:51:14,104 [bofa.py] => Task 0, Epoch 8/17 => Loss_Clip 0.310, Train_acc 98.50
2025-11-14 17:51:32,146 [bofa.py] => Task 0, Epoch 9/17 => Loss_Clip 0.312, Train_acc 98.24
2025-11-14 17:51:50,318 [bofa.py] => Task 0, Epoch 10/17 => Loss_Clip 0.306, Train_acc 98.56
2025-11-14 17:52:08,776 [bofa.py] => Task 0, Epoch 11/17 => Loss_Clip 0.295, Train_acc 98.78
2025-11-14 17:52:26,930 [bofa.py] => Task 0, Epoch 12/17 => Loss_Clip 0.291, Train_acc 98.70
2025-11-14 17:52:45,926 [bofa.py] => Task 0, Epoch 13/17 => Loss_Clip 0.283, Train_acc 98.70
2025-11-14 17:53:04,261 [bofa.py] => Task 0, Epoch 14/17 => Loss_Clip 0.273, Train_acc 99.34
2025-11-14 17:53:22,310 [bofa.py] => Task 0, Epoch 15/17 => Loss_Clip 0.259, Train_acc 99.56
2025-11-14 17:53:41,061 [bofa.py] => Task 0, Epoch 16/17 => Loss_Clip 0.253, Train_acc 99.76
2025-11-14 17:53:59,382 [bofa.py] => Task 0, Epoch 17/17 => Loss_Clip 0.249, Train_acc 99.82
2025-11-14 17:54:39,970 [trainer.py] => CNN: {'total': 97.7, '00-09': 97.7, 'old': 0, 'new': 97.7, 'harmonic': 0.0}
2025-11-14 17:54:39,971 [trainer.py] => CNN top1 curve: [97.7]
2025-11-14 17:54:39,971 [trainer.py] => Average Accuracy (CNN): 97.7
2025-11-14 17:54:39,978 [trainer.py] => All params: 150054411
2025-11-14 17:54:39,983 [trainer.py] => Trainable params: 40458
2025-11-14 17:54:39,983 [bofa.py] => Learning on 10-20
2025-11-14 17:55:06,736 [bofa.py] => Eval Test Loader: Zero_Shot_Lam: 91.65
2025-11-14 17:55:24,739 [bofa.py] => Task 1, Epoch 1/17 => Loss_Clip 2.109, Train_acc 59.88
2025-11-14 17:55:42,972 [bofa.py] => Task 1, Epoch 2/17 => Loss_Clip 1.172, Train_acc 90.60
2025-11-14 17:56:00,851 [bofa.py] => Task 1, Epoch 3/17 => Loss_Clip 1.060, Train_acc 88.36
2025-11-14 17:56:19,506 [bofa.py] => Task 1, Epoch 4/17 => Loss_Clip 0.874, Train_acc 93.46
2025-11-14 17:56:37,517 [bofa.py] => Task 1, Epoch 5/17 => Loss_Clip 0.886, Train_acc 93.52
2025-11-14 17:56:55,604 [bofa.py] => Task 1, Epoch 6/17 => Loss_Clip 0.887, Train_acc 93.48
2025-11-14 17:57:14,090 [bofa.py] => Task 1, Epoch 7/17 => Loss_Clip 0.870, Train_acc 94.14
2025-11-14 17:57:32,534 [bofa.py] => Task 1, Epoch 8/17 => Loss_Clip 0.888, Train_acc 93.42
2025-11-14 17:57:50,521 [bofa.py] => Task 1, Epoch 9/17 => Loss_Clip 0.847, Train_acc 94.04
2025-11-14 17:58:08,915 [bofa.py] => Task 1, Epoch 10/17 => Loss_Clip 0.815, Train_acc 95.04
2025-11-14 17:58:27,289 [bofa.py] => Task 1, Epoch 11/17 => Loss_Clip 0.808, Train_acc 95.34
2025-11-14 17:58:45,259 [bofa.py] => Task 1, Epoch 12/17 => Loss_Clip 0.794, Train_acc 95.54
2025-11-14 17:59:03,196 [bofa.py] => Task 1, Epoch 13/17 => Loss_Clip 0.775, Train_acc 96.00
2025-11-14 17:59:21,272 [bofa.py] => Task 1, Epoch 14/17 => Loss_Clip 0.753, Train_acc 96.54
2025-11-14 17:59:39,966 [bofa.py] => Task 1, Epoch 15/17 => Loss_Clip 0.740, Train_acc 97.26
2025-11-14 17:59:57,892 [bofa.py] => Task 1, Epoch 16/17 => Loss_Clip 2.268, Train_acc 87.96
2025-11-14 18:00:18,353 [bofa.py] => Task 1, Epoch 17/17 => Loss_Clip 2.267, Train_acc 88.00
2025-11-14 18:01:04,501 [trainer.py] => CNN: {'total': 92.9, '00-09': 95.5, '10-19': 90.3, 'old': 95.5, 'new': 90.3, 'harmonic': 92.83}
2025-11-14 18:01:04,502 [trainer.py] => CNN top1 curve: [97.7, 92.9]
2025-11-14 18:01:04,502 [trainer.py] => Average Accuracy (CNN): 95.30000000000001
2025-11-14 18:01:04,509 [trainer.py] => All params: 150062101
2025-11-14 18:01:04,514 [trainer.py] => Trainable params: 48148
2025-11-14 18:01:04,514 [bofa.py] => Learning on 20-30
2025-11-14 18:01:34,833 [bofa.py] => Eval Test Loader: Zero_Shot_Lam: 89.93
2025-11-14 18:01:53,140 [bofa.py] => Task 2, Epoch 1/17 => Loss_Clip 1.914, Train_acc 79.64
2025-11-14 18:02:11,327 [bofa.py] => Task 2, Epoch 2/17 => Loss_Clip 1.070, Train_acc 97.32
2025-11-14 18:02:30,243 [bofa.py] => Task 2, Epoch 3/17 => Loss_Clip 1.008, Train_acc 97.64
2025-11-14 18:02:49,501 [bofa.py] => Task 2, Epoch 4/17 => Loss_Clip 0.977, Train_acc 97.92
2025-11-14 18:03:07,566 [bofa.py] => Task 2, Epoch 5/17 => Loss_Clip 0.974, Train_acc 98.00
2025-11-14 18:03:26,983 [bofa.py] => Task 2, Epoch 6/17 => Loss_Clip 0.976, Train_acc 98.12
2025-11-14 18:03:45,116 [bofa.py] => Task 2, Epoch 7/17 => Loss_Clip 0.990, Train_acc 98.04
2025-11-14 18:04:04,650 [bofa.py] => Task 2, Epoch 8/17 => Loss_Clip 1.019, Train_acc 97.32
2025-11-14 18:04:22,655 [bofa.py] => Task 2, Epoch 9/17 => Loss_Clip 0.955, Train_acc 98.22
2025-11-14 18:33:52,824 [bofa.py] => Task 2, Epoch 10/17 => Loss_Clip 0.958, Train_acc 98.40
2025-11-14 18:34:10,450 [bofa.py] => Task 2, Epoch 11/17 => Loss_Clip 0.968, Train_acc 97.90
2025-11-14 18:34:28,624 [bofa.py] => Task 2, Epoch 12/17 => Loss_Clip 0.924, Train_acc 98.86
2025-11-14 18:34:46,701 [bofa.py] => Task 2, Epoch 13/17 => Loss_Clip 0.928, Train_acc 98.80
2025-11-14 18:35:06,398 [bofa.py] => Task 2, Epoch 14/17 => Loss_Clip 0.909, Train_acc 99.18
2025-11-14 18:35:24,263 [bofa.py] => Task 2, Epoch 15/17 => Loss_Clip 0.895, Train_acc 99.30
2025-11-14 19:00:18,314 [bofa.py] => Task 2, Epoch 16/17 => Loss_Clip 2.646, Train_acc 84.72
2025-11-14 19:00:35,729 [bofa.py] => Task 2, Epoch 17/17 => Loss_Clip 2.650, Train_acc 84.94
2025-11-14 19:01:25,196 [trainer.py] => CNN: {'total': 90.37, '00-09': 92.1, '10-19': 88.1, '20-29': 90.9, 'old': 90.1, 'new': 90.9, 'harmonic': 90.5}
2025-11-14 19:01:25,197 [trainer.py] => CNN top1 curve: [97.7, 92.9, 90.37]
2025-11-14 19:01:25,197 [trainer.py] => Average Accuracy (CNN): 93.65666666666668
2025-11-14 19:01:25,203 [trainer.py] => All params: 150069791
2025-11-14 19:01:25,208 [trainer.py] => Trainable params: 55838
2025-11-14 19:01:25,208 [bofa.py] => Learning on 30-40
2025-11-14 19:01:57,516 [bofa.py] => Eval Test Loader: Zero_Shot_Lam: 86.85
2025-11-14 19:02:15,548 [bofa.py] => Task 3, Epoch 1/17 => Loss_Clip 2.150, Train_acc 76.56
2025-11-14 19:02:33,854 [bofa.py] => Task 3, Epoch 2/17 => Loss_Clip 1.365, Train_acc 91.94
2025-11-14 19:02:51,828 [bofa.py] => Task 3, Epoch 3/17 => Loss_Clip 1.307, Train_acc 94.08
2025-11-14 19:03:10,598 [bofa.py] => Task 3, Epoch 4/17 => Loss_Clip 1.262, Train_acc 95.24
2025-11-14 19:03:28,810 [bofa.py] => Task 3, Epoch 5/17 => Loss_Clip 1.256, Train_acc 95.44
2025-11-14 19:03:47,612 [bofa.py] => Task 3, Epoch 6/17 => Loss_Clip 1.245, Train_acc 95.24
2025-11-14 19:04:06,386 [bofa.py] => Task 3, Epoch 7/17 => Loss_Clip 1.271, Train_acc 94.76
2025-11-14 19:04:25,477 [bofa.py] => Task 3, Epoch 8/17 => Loss_Clip 1.239, Train_acc 95.54
2025-11-14 19:04:43,729 [bofa.py] => Task 3, Epoch 9/17 => Loss_Clip 1.240, Train_acc 95.96
2025-11-14 19:05:01,887 [bofa.py] => Task 3, Epoch 10/17 => Loss_Clip 1.237, Train_acc 95.94
2025-11-14 19:05:19,674 [bofa.py] => Task 3, Epoch 11/17 => Loss_Clip 1.236, Train_acc 95.20
2025-11-14 19:05:38,069 [bofa.py] => Task 3, Epoch 12/17 => Loss_Clip 1.189, Train_acc 96.58
2025-11-14 19:06:04,547 [bofa.py] => Task 3, Epoch 13/17 => Loss_Clip 1.191, Train_acc 96.92
2025-11-14 19:06:22,212 [bofa.py] => Task 3, Epoch 14/17 => Loss_Clip 1.178, Train_acc 96.98
2025-11-14 19:06:40,469 [bofa.py] => Task 3, Epoch 15/17 => Loss_Clip 1.165, Train_acc 97.18
2025-11-14 19:06:58,672 [bofa.py] => Task 3, Epoch 16/17 => Loss_Clip 2.914, Train_acc 83.58
2025-11-14 19:07:16,518 [bofa.py] => Task 3, Epoch 17/17 => Loss_Clip 2.915, Train_acc 83.84
2025-11-14 19:08:12,839 [trainer.py] => CNN: {'total': 87.75, '00-09': 89.3, '10-19': 85.6, '20-29': 88.9, '30-39': 87.2, 'old': 87.93, 'new': 87.2, 'harmonic': 87.56}
2025-11-14 19:08:12,839 [trainer.py] => CNN top1 curve: [97.7, 92.9, 90.37, 87.75]
2025-11-14 19:08:12,840 [trainer.py] => Average Accuracy (CNN): 92.18
2025-11-14 19:08:12,847 [trainer.py] => All params: 150077481
2025-11-14 19:08:12,851 [trainer.py] => Trainable params: 63528
2025-11-14 19:08:12,851 [bofa.py] => Learning on 40-50
2025-11-14 19:08:48,457 [bofa.py] => Eval Test Loader: Zero_Shot_Lam: 85.00
2025-11-14 19:09:06,725 [bofa.py] => Task 4, Epoch 1/17 => Loss_Clip 2.157, Train_acc 87.88
2025-11-14 19:09:24,638 [bofa.py] => Task 4, Epoch 2/17 => Loss_Clip 1.411, Train_acc 97.98
2025-11-14 19:09:42,659 [bofa.py] => Task 4, Epoch 3/17 => Loss_Clip 1.395, Train_acc 97.96
2025-11-14 19:10:00,655 [bofa.py] => Task 4, Epoch 4/17 => Loss_Clip 1.385, Train_acc 98.04
2025-11-14 19:10:18,677 [bofa.py] => Task 4, Epoch 5/17 => Loss_Clip 1.369, Train_acc 97.92
2025-11-14 19:10:36,524 [bofa.py] => Task 4, Epoch 6/17 => Loss_Clip 1.354, Train_acc 98.22
2025-11-14 19:10:54,955 [bofa.py] => Task 4, Epoch 7/17 => Loss_Clip 1.344, Train_acc 98.24
2025-11-14 19:11:12,826 [bofa.py] => Task 4, Epoch 8/17 => Loss_Clip 1.360, Train_acc 97.82
2025-11-14 19:11:30,832 [bofa.py] => Task 4, Epoch 9/17 => Loss_Clip 1.373, Train_acc 98.38
2025-11-14 19:11:48,742 [bofa.py] => Task 4, Epoch 10/17 => Loss_Clip 1.330, Train_acc 98.84
2025-11-14 19:12:07,082 [bofa.py] => Task 4, Epoch 11/17 => Loss_Clip 1.336, Train_acc 98.84
2025-11-14 19:12:24,921 [bofa.py] => Task 4, Epoch 12/17 => Loss_Clip 1.302, Train_acc 99.12
2025-11-14 19:12:43,119 [bofa.py] => Task 4, Epoch 13/17 => Loss_Clip 1.297, Train_acc 98.94
2025-11-14 19:13:01,080 [bofa.py] => Task 4, Epoch 14/17 => Loss_Clip 1.281, Train_acc 99.22
2025-11-14 19:13:18,967 [bofa.py] => Task 4, Epoch 15/17 => Loss_Clip 1.270, Train_acc 99.36
2025-11-14 19:13:37,390 [bofa.py] => Task 4, Epoch 16/17 => Loss_Clip 3.188, Train_acc 79.04
2025-11-14 19:13:55,660 [bofa.py] => Task 4, Epoch 17/17 => Loss_Clip 3.188, Train_acc 78.76
2025-11-14 19:14:57,085 [trainer.py] => CNN: {'total': 85.66, '00-09': 88.0, '10-19': 81.9, '20-29': 87.4, '30-39': 84.3, '40-49': 86.7, 'old': 85.4, 'new': 86.7, 'harmonic': 86.05}
2025-11-14 19:14:57,086 [trainer.py] => CNN top1 curve: [97.7, 92.9, 90.37, 87.75, 85.66]
2025-11-14 19:14:57,087 [trainer.py] => Average Accuracy (CNN): 90.876
2025-11-14 19:14:57,094 [trainer.py] => All params: 150085171
2025-11-14 19:14:57,099 [trainer.py] => Trainable params: 71218
2025-11-14 19:14:57,100 [bofa.py] => Learning on 50-60
2025-11-14 19:15:34,375 [bofa.py] => Eval Test Loader: Zero_Shot_Lam: 83.73
2025-11-14 19:15:52,882 [bofa.py] => Task 5, Epoch 1/17 => Loss_Clip 3.345, Train_acc 56.50
2025-11-14 19:16:10,866 [bofa.py] => Task 5, Epoch 2/17 => Loss_Clip 2.426, Train_acc 91.08
2025-11-14 19:16:28,950 [bofa.py] => Task 5, Epoch 3/17 => Loss_Clip 1.688, Train_acc 94.86
2025-11-14 19:16:47,011 [bofa.py] => Task 5, Epoch 4/17 => Loss_Clip 1.604, Train_acc 95.52
2025-11-14 19:17:04,843 [bofa.py] => Task 5, Epoch 5/17 => Loss_Clip 1.610, Train_acc 94.12
2025-11-14 19:17:22,887 [bofa.py] => Task 5, Epoch 6/17 => Loss_Clip 1.555, Train_acc 96.14
2025-11-14 19:17:40,778 [bofa.py] => Task 5, Epoch 7/17 => Loss_Clip 1.573, Train_acc 95.16
2025-11-14 19:17:58,569 [bofa.py] => Task 5, Epoch 8/17 => Loss_Clip 1.539, Train_acc 96.18
2025-11-14 19:18:16,440 [bofa.py] => Task 5, Epoch 9/17 => Loss_Clip 1.544, Train_acc 96.00
2025-11-14 19:18:34,501 [bofa.py] => Task 5, Epoch 10/17 => Loss_Clip 1.546, Train_acc 96.60
2025-11-14 19:18:52,372 [bofa.py] => Task 5, Epoch 11/17 => Loss_Clip 1.526, Train_acc 96.52
2025-11-14 19:19:10,750 [bofa.py] => Task 5, Epoch 12/17 => Loss_Clip 1.493, Train_acc 97.08
2025-11-14 19:19:29,029 [bofa.py] => Task 5, Epoch 13/17 => Loss_Clip 1.471, Train_acc 97.50
2025-11-14 19:19:47,382 [bofa.py] => Task 5, Epoch 14/17 => Loss_Clip 1.458, Train_acc 97.90
2025-11-14 19:20:05,286 [bofa.py] => Task 5, Epoch 15/17 => Loss_Clip 1.452, Train_acc 97.94
2025-11-14 19:20:23,067 [bofa.py] => Task 5, Epoch 16/17 => Loss_Clip 3.374, Train_acc 81.18
2025-11-14 19:20:41,001 [bofa.py] => Task 5, Epoch 17/17 => Loss_Clip 3.374, Train_acc 81.74
2025-11-14 19:21:47,929 [trainer.py] => CNN: {'total': 84.12, '00-09': 86.6, '10-19': 81.1, '20-29': 86.6, '30-39': 82.6, '40-49': 85.3, '50-59': 82.5, 'old': 84.44, 'new': 82.5, 'harmonic': 83.46}
2025-11-14 19:21:47,930 [trainer.py] => CNN top1 curve: [97.7, 92.9, 90.37, 87.75, 85.66, 84.12]
2025-11-14 19:21:47,931 [trainer.py] => Average Accuracy (CNN): 89.75
2025-11-14 19:21:47,937 [trainer.py] => All params: 150092861
2025-11-14 19:21:47,941 [trainer.py] => Trainable params: 78908
2025-11-14 19:21:47,942 [bofa.py] => Learning on 60-70
2025-11-14 19:22:27,760 [bofa.py] => Eval Test Loader: Zero_Shot_Lam: 83.40
2025-11-14 19:22:46,140 [bofa.py] => Task 6, Epoch 1/17 => Loss_Clip 2.814, Train_acc 84.74
2025-11-14 19:23:03,897 [bofa.py] => Task 6, Epoch 2/17 => Loss_Clip 1.768, Train_acc 97.20
2025-11-14 19:23:21,764 [bofa.py] => Task 6, Epoch 3/17 => Loss_Clip 1.696, Train_acc 97.66
2025-11-14 19:23:39,938 [bofa.py] => Task 6, Epoch 4/17 => Loss_Clip 1.663, Train_acc 97.88
2025-11-14 19:23:57,967 [bofa.py] => Task 6, Epoch 5/17 => Loss_Clip 1.652, Train_acc 97.92
2025-11-14 19:24:16,282 [bofa.py] => Task 6, Epoch 6/17 => Loss_Clip 1.668, Train_acc 97.84
2025-11-14 19:24:34,445 [bofa.py] => Task 6, Epoch 7/17 => Loss_Clip 1.624, Train_acc 98.52
2025-11-14 19:24:52,945 [bofa.py] => Task 6, Epoch 8/17 => Loss_Clip 1.651, Train_acc 98.48
2025-11-14 19:25:10,920 [bofa.py] => Task 6, Epoch 9/17 => Loss_Clip 1.635, Train_acc 98.20
2025-11-14 19:25:28,637 [bofa.py] => Task 6, Epoch 10/17 => Loss_Clip 1.610, Train_acc 98.68
2025-11-14 19:25:46,738 [bofa.py] => Task 6, Epoch 11/17 => Loss_Clip 1.628, Train_acc 98.56
2025-11-14 19:26:04,488 [bofa.py] => Task 6, Epoch 12/17 => Loss_Clip 1.585, Train_acc 98.92
2025-11-14 19:26:22,988 [bofa.py] => Task 6, Epoch 13/17 => Loss_Clip 1.595, Train_acc 98.88
2025-11-14 19:26:40,794 [bofa.py] => Task 6, Epoch 14/17 => Loss_Clip 1.558, Train_acc 99.10
2025-11-14 19:26:58,999 [bofa.py] => Task 6, Epoch 15/17 => Loss_Clip 1.544, Train_acc 99.36
2025-11-14 19:27:17,072 [bofa.py] => Task 6, Epoch 16/17 => Loss_Clip 3.470, Train_acc 83.12
2025-11-14 19:27:35,279 [bofa.py] => Task 6, Epoch 17/17 => Loss_Clip 3.466, Train_acc 83.40
2025-11-14 19:28:47,874 [trainer.py] => CNN: {'total': 83.86, '00-09': 85.8, '10-19': 80.0, '20-29': 86.7, '30-39': 82.2, '40-49': 85.3, '50-59': 81.6, '60-69': 85.4, 'old': 83.6, 'new': 85.4, 'harmonic': 84.49}
2025-11-14 19:28:47,876 [trainer.py] => CNN top1 curve: [97.7, 92.9, 90.37, 87.75, 85.66, 84.12, 83.86]
2025-11-14 19:28:47,876 [trainer.py] => Average Accuracy (CNN): 88.90857142857143
2025-11-14 19:28:47,883 [trainer.py] => All params: 150100551
2025-11-14 19:28:47,888 [trainer.py] => Trainable params: 86598
2025-11-14 19:28:47,888 [bofa.py] => Learning on 70-80
2025-11-14 19:29:29,919 [bofa.py] => Eval Test Loader: Zero_Shot_Lam: 81.41
2025-11-14 19:29:48,150 [bofa.py] => Task 7, Epoch 1/17 => Loss_Clip 2.903, Train_acc 78.28
2025-11-14 19:30:06,926 [bofa.py] => Task 7, Epoch 2/17 => Loss_Clip 1.907, Train_acc 95.42
2025-11-14 19:30:24,598 [bofa.py] => Task 7, Epoch 3/17 => Loss_Clip 1.796, Train_acc 96.30
2025-11-14 19:30:42,678 [bofa.py] => Task 7, Epoch 4/17 => Loss_Clip 1.789, Train_acc 96.46
2025-11-14 19:31:00,660 [bofa.py] => Task 7, Epoch 5/17 => Loss_Clip 1.810, Train_acc 95.98
2025-11-14 19:31:18,744 [bofa.py] => Task 7, Epoch 6/17 => Loss_Clip 1.795, Train_acc 95.74
2025-11-14 19:31:37,106 [bofa.py] => Task 7, Epoch 7/17 => Loss_Clip 1.780, Train_acc 96.30
2025-11-14 19:31:54,776 [bofa.py] => Task 7, Epoch 8/17 => Loss_Clip 1.754, Train_acc 96.90
2025-11-14 19:32:12,651 [bofa.py] => Task 7, Epoch 9/17 => Loss_Clip 1.754, Train_acc 96.82
2025-11-14 19:32:30,673 [bofa.py] => Task 7, Epoch 10/17 => Loss_Clip 1.747, Train_acc 96.82
2025-11-14 19:32:48,628 [bofa.py] => Task 7, Epoch 11/17 => Loss_Clip 1.742, Train_acc 97.08
2025-11-14 19:33:06,659 [bofa.py] => Task 7, Epoch 12/17 => Loss_Clip 1.715, Train_acc 97.62
2025-11-14 19:33:24,724 [bofa.py] => Task 7, Epoch 13/17 => Loss_Clip 1.706, Train_acc 97.66
2025-11-14 19:33:43,148 [bofa.py] => Task 7, Epoch 14/17 => Loss_Clip 1.686, Train_acc 97.86
2025-11-14 19:34:01,300 [bofa.py] => Task 7, Epoch 15/17 => Loss_Clip 1.672, Train_acc 98.14
2025-11-14 19:34:19,974 [bofa.py] => Task 7, Epoch 16/17 => Loss_Clip 3.714, Train_acc 70.48
2025-11-14 19:34:37,929 [bofa.py] => Task 7, Epoch 17/17 => Loss_Clip 3.706, Train_acc 70.86
2025-11-14 19:35:56,101 [trainer.py] => CNN: {'total': 81.82, '00-09': 84.8, '10-19': 78.9, '20-29': 85.9, '30-39': 80.4, '40-49': 83.6, '50-59': 78.6, '60-69': 83.4, '70-79': 79.0, 'old': 82.23, 'new': 79.0, 'harmonic': 80.58}
2025-11-14 19:35:56,102 [trainer.py] => CNN top1 curve: [97.7, 92.9, 90.37, 87.75, 85.66, 84.12, 83.86, 81.82]
2025-11-14 19:35:56,103 [trainer.py] => Average Accuracy (CNN): 88.02250000000001
2025-11-14 19:35:56,110 [trainer.py] => All params: 150108241
2025-11-14 19:35:56,113 [trainer.py] => Trainable params: 94288
2025-11-14 19:35:56,114 [bofa.py] => Learning on 80-90
2025-11-14 19:36:41,621 [bofa.py] => Eval Test Loader: Zero_Shot_Lam: 79.24
2025-11-14 19:49:50,852 [bofa.py] => Task 8, Epoch 1/17 => Loss_Clip 3.612, Train_acc 53.28
2025-11-14 19:50:08,194 [bofa.py] => Task 8, Epoch 2/17 => Loss_Clip 2.564, Train_acc 89.94
2025-11-14 19:50:25,668 [bofa.py] => Task 8, Epoch 3/17 => Loss_Clip 2.094, Train_acc 93.26
2025-11-14 19:50:43,399 [bofa.py] => Task 8, Epoch 4/17 => Loss_Clip 1.994, Train_acc 93.88
2025-11-14 19:51:01,218 [bofa.py] => Task 8, Epoch 5/17 => Loss_Clip 1.985, Train_acc 94.16
2025-11-14 19:51:19,467 [bofa.py] => Task 8, Epoch 6/17 => Loss_Clip 1.964, Train_acc 95.14
2025-11-14 19:51:37,505 [bofa.py] => Task 8, Epoch 7/17 => Loss_Clip 2.016, Train_acc 93.48
2025-11-14 19:51:55,805 [bofa.py] => Task 8, Epoch 8/17 => Loss_Clip 1.932, Train_acc 95.54
2025-11-14 19:52:13,597 [bofa.py] => Task 8, Epoch 9/17 => Loss_Clip 1.917, Train_acc 95.84
2025-11-14 19:52:31,676 [bofa.py] => Task 8, Epoch 10/17 => Loss_Clip 2.038, Train_acc 92.56
2025-11-14 19:52:49,996 [bofa.py] => Task 8, Epoch 11/17 => Loss_Clip 1.879, Train_acc 96.32
2025-11-14 19:53:07,724 [bofa.py] => Task 8, Epoch 12/17 => Loss_Clip 1.872, Train_acc 96.74
2025-11-14 19:53:25,747 [bofa.py] => Task 8, Epoch 13/17 => Loss_Clip 1.851, Train_acc 97.04
2025-11-14 19:53:43,405 [bofa.py] => Task 8, Epoch 14/17 => Loss_Clip 1.843, Train_acc 97.16
2025-11-14 19:54:01,400 [bofa.py] => Task 8, Epoch 15/17 => Loss_Clip 1.816, Train_acc 97.70
2025-11-14 19:54:19,810 [bofa.py] => Task 8, Epoch 16/17 => Loss_Clip 3.850, Train_acc 68.08
2025-11-14 19:54:37,784 [bofa.py] => Task 8, Epoch 17/17 => Loss_Clip 3.854, Train_acc 68.68
2025-11-14 19:56:00,703 [trainer.py] => CNN: {'total': 80.27, '00-09': 83.6, '10-19': 77.2, '20-29': 84.4, '30-39': 79.6, '40-49': 82.2, '50-59': 77.7, '60-69': 81.7, '70-79': 78.0, '80-89': 78.0, 'old': 80.55, 'new': 78.0, 'harmonic': 79.25}
2025-11-14 19:56:00,704 [trainer.py] => CNN top1 curve: [97.7, 92.9, 90.37, 87.75, 85.66, 84.12, 83.86, 81.82, 80.27]
2025-11-14 19:56:00,704 [trainer.py] => Average Accuracy (CNN): 87.16111111111111
2025-11-14 19:56:00,712 [trainer.py] => All params: 150115931
2025-11-14 19:56:00,715 [trainer.py] => Trainable params: 101978
2025-11-14 19:56:00,715 [bofa.py] => Learning on 90-100
2025-11-14 19:56:47,841 [bofa.py] => Eval Test Loader: Zero_Shot_Lam: 78.26
2025-11-14 19:57:05,767 [bofa.py] => Task 9, Epoch 1/17 => Loss_Clip 3.581, Train_acc 67.12
2025-11-14 19:57:24,627 [bofa.py] => Task 9, Epoch 2/17 => Loss_Clip 2.437, Train_acc 89.16
2025-11-14 19:57:42,509 [bofa.py] => Task 9, Epoch 3/17 => Loss_Clip 2.117, Train_acc 92.24
2025-11-14 19:58:00,549 [bofa.py] => Task 9, Epoch 4/17 => Loss_Clip 2.093, Train_acc 92.44
2025-11-14 19:58:18,929 [bofa.py] => Task 9, Epoch 5/17 => Loss_Clip 2.053, Train_acc 93.80
2025-11-14 19:58:36,698 [bofa.py] => Task 9, Epoch 6/17 => Loss_Clip 2.097, Train_acc 92.80
2025-11-14 19:58:54,531 [bofa.py] => Task 9, Epoch 7/17 => Loss_Clip 2.093, Train_acc 93.04
2025-11-14 19:59:12,411 [bofa.py] => Task 9, Epoch 8/17 => Loss_Clip 2.060, Train_acc 93.32
2025-11-14 19:59:30,099 [bofa.py] => Task 9, Epoch 9/17 => Loss_Clip 2.045, Train_acc 93.48
2025-11-14 19:59:48,829 [bofa.py] => Task 9, Epoch 10/17 => Loss_Clip 2.023, Train_acc 93.86
2025-11-14 20:00:06,504 [bofa.py] => Task 9, Epoch 11/17 => Loss_Clip 2.012, Train_acc 94.44
2025-11-14 20:00:24,970 [bofa.py] => Task 9, Epoch 12/17 => Loss_Clip 2.017, Train_acc 94.44
2025-11-14 20:00:42,927 [bofa.py] => Task 9, Epoch 13/17 => Loss_Clip 1.972, Train_acc 95.34
2025-11-14 20:01:00,823 [bofa.py] => Task 9, Epoch 14/17 => Loss_Clip 1.944, Train_acc 95.72
2025-11-14 20:01:19,049 [bofa.py] => Task 9, Epoch 15/17 => Loss_Clip 1.932, Train_acc 96.24
2025-11-14 20:01:37,253 [bofa.py] => Task 9, Epoch 16/17 => Loss_Clip 3.891, Train_acc 71.84
2025-11-14 20:01:56,482 [bofa.py] => Task 9, Epoch 17/17 => Loss_Clip 3.889, Train_acc 72.12
2025-11-14 20:03:26,598 [trainer.py] => CNN: {'total': 79.51, '00-09': 82.5, '10-19': 76.3, '20-29': 83.6, '30-39': 79.0, '40-49': 81.4, '50-59': 76.7, '60-69': 81.0, '70-79': 76.1, '80-89': 77.1, '90-99': 81.4, 'old': 79.3, 'new': 81.4, 'harmonic': 80.34}
2025-11-14 20:03:26,599 [trainer.py] => CNN top1 curve: [97.7, 92.9, 90.37, 87.75, 85.66, 84.12, 83.86, 81.82, 80.27, 79.51]
2025-11-14 20:03:26,600 [trainer.py] => Average Accuracy (CNN): 86.396
2025-11-15 01:50:52,197 [trainer.py] => prefix: -
2025-11-15 01:50:52,198 [trainer.py] => dataset: cifar224
2025-11-15 01:50:52,198 [trainer.py] => shuffle: True
2025-11-15 01:50:52,198 [trainer.py] => init_cls: 10
2025-11-15 01:50:52,199 [trainer.py] => increment: 10
2025-11-15 01:50:52,199 [trainer.py] => convnet_type: clip
2025-11-15 01:50:52,199 [trainer.py] => device: [device(type='cuda', index=0)]
2025-11-15 01:50:52,200 [trainer.py] => seed: 1993
2025-11-15 01:50:52,200 [trainer.py] => projection_type: pure_mlp
2025-11-15 01:50:52,200 [trainer.py] => frozen_layers: visual
2025-11-15 01:50:52,200 [trainer.py] => tuned_epoch: 15
2025-11-15 01:50:52,201 [trainer.py] => init_lr: 0.05
2025-11-15 01:50:52,201 [trainer.py] => batch_size: 128
2025-11-15 01:50:52,201 [trainer.py] => weight_decay: 0.05
2025-11-15 01:50:52,201 [trainer.py] => min_lr: 0
2025-11-15 01:50:52,202 [trainer.py] => optimizer: sgd
2025-11-15 01:50:52,202 [trainer.py] => text_des: 2
2025-11-15 01:50:52,202 [trainer.py] => image_aug: 0.5
2025-11-15 01:50:52,202 [trainer.py] => stat: 0.1
2025-11-15 01:50:52,203 [trainer.py] => config: exps/cifar_0_10.json
2025-11-15 01:50:52,203 [trainer.py] => sample_num: 0
2025-11-15 01:50:52,203 [trainer.py] => Kt: 256
2025-11-15 01:50:52,204 [trainer.py] => epoch: 2
2025-11-15 01:50:52,204 [trainer.py] => project_name: test
2025-11-15 01:50:52,204 [trainer.py] => img_only: False
2025-11-15 01:50:52,204 [trainer.py] => loss_type: CE
2025-11-15 01:50:52,204 [trainer.py] => save_feat: 0
2025-11-15 01:50:52,205 [trainer.py] => model_name: bofa
2025-11-15 01:50:52,205 [trainer.py] => out_dir: /home/lan/result/test/wandb/run-20251115_015050-be16lvck/files
2025-11-15 01:50:52,205 [trainer.py] => use_up_cov: True
2025-11-15 01:50:52,205 [trainer.py] => use_up_cen: True
2025-11-15 01:50:53,458 [data_manager.py] => [68, 56, 78, 8, 23, 84, 90, 65, 74, 76, 40, 89, 3, 92, 55, 9, 26, 80, 43, 38, 58, 70, 77, 1, 85, 19, 17, 50, 28, 53, 13, 81, 45, 82, 6, 59, 83, 16, 15, 44, 91, 41, 72, 60, 79, 52, 20, 10, 31, 54, 37, 95, 14, 71, 96, 98, 97, 2, 64, 66, 42, 22, 35, 86, 24, 34, 87, 21, 99, 0, 88, 27, 18, 94, 11, 12, 47, 25, 30, 46, 62, 69, 36, 61, 7, 63, 75, 5, 32, 4, 51, 48, 73, 93, 39, 67, 29, 49, 57, 33]
2025-11-15 01:50:54,670 [instantiator.py] => Created a temporary directory at /tmp/tmpogo0dnee
2025-11-15 01:50:54,671 [instantiator.py] => Writing /tmp/tmpogo0dnee/_remote_module_non_scriptable.py
2025-11-15 01:50:54,915 [factory.py] => Parsing model identifier. Schema: None, Identifier: ViT-B-16
2025-11-15 01:50:54,915 [factory.py] => Loaded built-in ViT-B-16 model config.
2025-11-15 01:50:55,677 [factory.py] => Instantiating model architecture: CLIP
2025-11-15 01:50:57,330 [factory.py] => Loading full pretrained weights from: cache_dir/models--timm--vit_base_patch16_clip_224.laion400m_e32/snapshots/f07dd91aded299f886ab2e484b7fb84de65fc46d/open_clip_model.safetensors
2025-11-15 01:50:57,498 [factory.py] => Final image preprocessing configuration set: {'size': (224, 224), 'mode': 'RGB', 'mean': (0.48145466, 0.4578275, 0.40821073), 'std': (0.26862954, 0.26130258, 0.27577711), 'interpolation': 'bicubic', 'resize_mode': 'shortest', 'fill_color': 0}
2025-11-15 01:50:57,499 [factory.py] => Model ViT-B-16 creation process complete.
2025-11-15 01:50:57,500 [factory.py] => Parsing tokenizer identifier. Schema: None, Identifier: ViT-B-16
2025-11-15 01:50:57,501 [factory.py] => Attempting to load config from built-in: ViT-B-16
2025-11-15 01:50:57,501 [factory.py] => Using default SimpleTokenizer.
2025-11-15 01:50:57,799 [trainer.py] => All params: 150145025
2025-11-15 01:50:57,805 [trainer.py] => Trainable params: 131072
2025-11-15 01:50:57,806 [bofa.py] => Learning on 0-10
2025-11-15 01:51:30,552 [bofa.py] => Eval Test Loader: Zero_Shot_Lam: 97.00
2025-11-15 01:51:45,800 [bofa.py] => Task 0, Epoch 1/15 => Loss_Clip 0.686, Train_acc 96.50
2025-11-15 01:52:00,948 [bofa.py] => Task 0, Epoch 2/15 => Loss_Clip 0.349, Train_acc 97.82
2025-11-15 01:52:16,263 [bofa.py] => Task 0, Epoch 3/15 => Loss_Clip 0.375, Train_acc 96.90
2025-11-15 01:52:31,887 [bofa.py] => Task 0, Epoch 4/15 => Loss_Clip 0.363, Train_acc 97.10
2025-11-15 01:52:47,429 [bofa.py] => Task 0, Epoch 5/15 => Loss_Clip 0.418, Train_acc 94.96
2025-11-15 01:53:03,183 [bofa.py] => Task 0, Epoch 6/15 => Loss_Clip 0.326, Train_acc 97.88
2025-11-15 01:53:18,546 [bofa.py] => Task 0, Epoch 7/15 => Loss_Clip 0.327, Train_acc 98.06
2025-11-15 01:53:33,897 [bofa.py] => Task 0, Epoch 8/15 => Loss_Clip 0.310, Train_acc 98.52
2025-11-15 01:53:49,164 [bofa.py] => Task 0, Epoch 9/15 => Loss_Clip 0.305, Train_acc 98.40
2025-11-15 01:54:04,621 [bofa.py] => Task 0, Epoch 10/15 => Loss_Clip 0.299, Train_acc 98.76
2025-11-15 01:54:20,060 [bofa.py] => Task 0, Epoch 11/15 => Loss_Clip 0.291, Train_acc 98.88
2025-11-15 01:54:35,468 [bofa.py] => Task 0, Epoch 12/15 => Loss_Clip 0.272, Train_acc 99.28
2025-11-15 01:54:50,597 [bofa.py] => Task 0, Epoch 13/15 => Loss_Clip 0.264, Train_acc 99.52
2025-11-15 01:55:06,154 [bofa.py] => Task 0, Epoch 14/15 => Loss_Clip 0.257, Train_acc 99.66
2025-11-15 01:55:21,510 [bofa.py] => Task 0, Epoch 15/15 => Loss_Clip 0.251, Train_acc 99.84
2025-11-15 01:55:36,899 [bofa.py] => Task 0, Epoch 16/15 => Loss_Clip 0.250, Train_acc 99.84
2025-11-15 01:55:52,271 [bofa.py] => Task 0, Epoch 17/15 => Loss_Clip 0.250, Train_acc 99.84
2025-11-15 01:56:31,222 [trainer.py] => Top1: {'total': 97.7, '00-09': 97.7, 'old': 0, 'new': 97.7, 'harmonic': 0.0}
2025-11-15 01:56:31,223 [trainer.py] => CNN top1 curve: [97.7]
2025-11-15 01:56:31,223 [trainer.py] => Average Accuracy (CNN): 97.7
2025-11-15 01:56:31,224 [trainer.py] => Top2: {'total': 97.7, '00-09': 97.7, 'old': 0, 'new': 97.7, 'harmonic': 0.0}
2025-11-15 01:56:31,224 [trainer.py] => CNN top2 curve: [97.7]
2025-11-15 01:56:31,224 [trainer.py] => Average Accuracy (CNN Top2): 97.7
2025-11-15 01:56:31,225 [trainer.py] => GDA Top1: {'total': 97.7, '00-09': 97.7, 'old': 0, 'new': 97.7, 'harmonic': 0.0}
2025-11-15 01:56:31,225 [trainer.py] => GDA top1 curve: [97.7]
2025-11-15 01:56:31,225 [trainer.py] => Average Accuracy (GDA): 97.7
2025-11-15 01:56:31,225 [trainer.py] => GDA Top2: {'total': 97.7, '00-09': 97.7, 'old': 0, 'new': 97.7, 'harmonic': 0.0}
2025-11-15 01:56:31,226 [trainer.py] => GDA top2 curve: [97.7]
2025-11-15 01:56:31,226 [trainer.py] => Average Accuracy (GDA Top2): 97.7
2025-11-15 01:56:31,236 [trainer.py] => All params: 150152715
2025-11-15 01:56:31,242 [trainer.py] => Trainable params: 138762
2025-11-15 01:56:31,242 [bofa.py] => Learning on 10-20
2025-11-15 01:56:52,272 [bofa.py] => Eval Test Loader: Zero_Shot_Lam: 91.65
2025-11-15 01:57:07,771 [bofa.py] => Task 1, Epoch 1/15 => Loss_Clip 2.087, Train_acc 60.84
2025-11-15 01:57:22,971 [bofa.py] => Task 1, Epoch 2/15 => Loss_Clip 1.156, Train_acc 90.54
2025-11-15 01:57:38,562 [bofa.py] => Task 1, Epoch 3/15 => Loss_Clip 1.065, Train_acc 88.04
2025-11-15 01:57:53,928 [bofa.py] => Task 1, Epoch 4/15 => Loss_Clip 0.872, Train_acc 93.48
2025-11-15 01:58:09,550 [bofa.py] => Task 1, Epoch 5/15 => Loss_Clip 0.880, Train_acc 93.80
2025-11-15 01:58:25,076 [bofa.py] => Task 1, Epoch 6/15 => Loss_Clip 0.883, Train_acc 93.52
2025-11-15 01:58:40,650 [bofa.py] => Task 1, Epoch 7/15 => Loss_Clip 0.857, Train_acc 94.32
2025-11-15 01:58:56,234 [bofa.py] => Task 1, Epoch 8/15 => Loss_Clip 0.880, Train_acc 93.30
2025-11-15 01:59:11,816 [bofa.py] => Task 1, Epoch 9/15 => Loss_Clip 0.832, Train_acc 94.34
2025-11-15 01:59:27,282 [bofa.py] => Task 1, Epoch 10/15 => Loss_Clip 0.795, Train_acc 95.40
2025-11-15 01:59:42,680 [bofa.py] => Task 1, Epoch 11/15 => Loss_Clip 0.776, Train_acc 96.06
2025-11-15 01:59:57,928 [bofa.py] => Task 1, Epoch 12/15 => Loss_Clip 0.764, Train_acc 96.32
2025-11-15 02:00:13,655 [bofa.py] => Task 1, Epoch 13/15 => Loss_Clip 0.746, Train_acc 96.74
2025-11-15 02:00:29,071 [bofa.py] => Task 1, Epoch 14/15 => Loss_Clip 0.725, Train_acc 97.34
2025-11-15 02:00:44,491 [bofa.py] => Task 1, Epoch 15/15 => Loss_Clip 0.714, Train_acc 97.70
2025-11-15 02:00:59,760 [bofa.py] => Task 1, Epoch 16/15 => Loss_Clip 2.232, Train_acc 88.90
2025-11-15 02:01:15,036 [bofa.py] => Task 1, Epoch 17/15 => Loss_Clip 2.230, Train_acc 88.84
2025-11-15 02:02:01,541 [trainer.py] => Top1: {'total': 91.15, '00-09': 96.9, '10-19': 85.4, 'old': 96.9, 'new': 85.4, 'harmonic': 90.79}
2025-11-15 02:02:01,541 [trainer.py] => CNN top1 curve: [97.7, 91.15]
2025-11-15 02:02:01,542 [trainer.py] => Average Accuracy (CNN): 94.42500000000001
2025-11-15 02:02:01,542 [trainer.py] => Top2: {'total': 92.2, '00-09': 95.9, '10-19': 88.5, 'old': 95.9, 'new': 88.5, 'harmonic': 92.05}
2025-11-15 02:02:01,542 [trainer.py] => CNN top2 curve: [97.7, 92.2]
2025-11-15 02:02:01,543 [trainer.py] => Average Accuracy (CNN Top2): 94.95
2025-11-15 02:02:01,543 [trainer.py] => GDA Top1: {'total': 92.95, '00-09': 95.7, '10-19': 90.2, 'old': 95.7, 'new': 90.2, 'harmonic': 92.87}
2025-11-15 02:02:01,543 [trainer.py] => GDA top1 curve: [97.7, 92.95]
2025-11-15 02:02:01,544 [trainer.py] => Average Accuracy (GDA): 95.325
2025-11-15 02:02:01,544 [trainer.py] => GDA Top2: {'total': 92.8, '00-09': 95.2, '10-19': 90.4, 'old': 95.2, 'new': 90.4, 'harmonic': 92.74}
2025-11-15 02:02:01,544 [trainer.py] => GDA top2 curve: [97.7, 92.8]
2025-11-15 02:02:01,544 [trainer.py] => Average Accuracy (GDA Top2): 95.25
2025-11-15 02:02:01,554 [trainer.py] => All params: 150160405
2025-11-15 02:02:01,560 [trainer.py] => Trainable params: 146452
2025-11-15 02:02:01,561 [bofa.py] => Learning on 20-30
2025-11-15 02:02:25,221 [bofa.py] => Eval Test Loader: Zero_Shot_Lam: 89.93
2025-11-15 02:02:40,839 [bofa.py] => Task 2, Epoch 1/15 => Loss_Clip 2.073, Train_acc 77.14
2025-11-15 02:02:56,144 [bofa.py] => Task 2, Epoch 2/15 => Loss_Clip 1.105, Train_acc 96.98
2025-11-15 02:03:11,703 [bofa.py] => Task 2, Epoch 3/15 => Loss_Clip 1.011, Train_acc 97.70
2025-11-15 02:03:27,014 [bofa.py] => Task 2, Epoch 4/15 => Loss_Clip 0.976, Train_acc 97.96
2025-11-15 02:03:42,485 [bofa.py] => Task 2, Epoch 5/15 => Loss_Clip 0.971, Train_acc 98.00
2025-11-15 02:03:57,709 [bofa.py] => Task 2, Epoch 6/15 => Loss_Clip 0.973, Train_acc 98.16
2025-11-15 02:04:13,297 [bofa.py] => Task 2, Epoch 7/15 => Loss_Clip 0.992, Train_acc 98.26
2025-11-15 02:04:28,835 [bofa.py] => Task 2, Epoch 8/15 => Loss_Clip 0.977, Train_acc 97.90
2025-11-15 02:04:44,217 [bofa.py] => Task 2, Epoch 9/15 => Loss_Clip 0.964, Train_acc 97.92
2025-11-15 02:04:59,622 [bofa.py] => Task 2, Epoch 10/15 => Loss_Clip 0.938, Train_acc 98.58
2025-11-15 02:05:15,178 [bofa.py] => Task 2, Epoch 11/15 => Loss_Clip 0.955, Train_acc 98.30
2025-11-15 02:05:30,527 [bofa.py] => Task 2, Epoch 12/15 => Loss_Clip 0.913, Train_acc 98.90
2025-11-15 02:05:46,196 [bofa.py] => Task 2, Epoch 13/15 => Loss_Clip 0.904, Train_acc 99.22
2025-11-15 02:06:01,628 [bofa.py] => Task 2, Epoch 14/15 => Loss_Clip 0.891, Train_acc 99.32
2025-11-15 02:06:16,999 [bofa.py] => Task 2, Epoch 15/15 => Loss_Clip 0.883, Train_acc 99.44
2025-11-15 02:06:32,380 [bofa.py] => Task 2, Epoch 16/15 => Loss_Clip 2.607, Train_acc 85.88
2025-11-15 02:06:47,658 [bofa.py] => Task 2, Epoch 17/15 => Loss_Clip 2.609, Train_acc 85.66
2025-11-15 02:07:42,868 [trainer.py] => Top1: {'total': 89.93, '00-09': 94.8, '10-19': 86.3, '20-29': 88.7, 'old': 90.55, 'new': 88.7, 'harmonic': 89.62}
2025-11-15 02:07:42,869 [trainer.py] => CNN top1 curve: [97.7, 91.15, 89.93]
2025-11-15 02:07:42,869 [trainer.py] => Average Accuracy (CNN): 92.92666666666668
2025-11-15 02:07:42,869 [trainer.py] => Top2: {'total': 90.4, '00-09': 93.9, '10-19': 87.1, '20-29': 90.2, 'old': 90.5, 'new': 90.2, 'harmonic': 90.35}
2025-11-15 02:07:42,870 [trainer.py] => CNN top2 curve: [97.7, 92.2, 90.4]
2025-11-15 02:07:42,870 [trainer.py] => Average Accuracy (CNN Top2): 93.43333333333334
2025-11-15 02:07:42,870 [trainer.py] => GDA Top1: {'total': 90.5, '00-09': 92.5, '10-19': 88.1, '20-29': 90.9, 'old': 90.3, 'new': 90.9, 'harmonic': 90.6}
2025-11-15 02:07:42,871 [trainer.py] => GDA top1 curve: [97.7, 92.95, 90.5]
2025-11-15 02:07:42,871 [trainer.py] => Average Accuracy (GDA): 93.71666666666665
2025-11-15 02:07:42,871 [trainer.py] => GDA Top2: {'total': 90.37, '00-09': 92.1, '10-19': 88.1, '20-29': 90.9, 'old': 90.1, 'new': 90.9, 'harmonic': 90.5}
2025-11-15 02:07:42,872 [trainer.py] => GDA top2 curve: [97.7, 92.8, 90.37]
2025-11-15 02:07:42,872 [trainer.py] => Average Accuracy (GDA Top2): 93.62333333333333
2025-11-15 02:07:42,886 [trainer.py] => All params: 150168095
2025-11-15 02:07:42,895 [trainer.py] => Trainable params: 154142
2025-11-15 02:07:42,896 [bofa.py] => Learning on 30-40
2025-11-15 02:08:09,054 [bofa.py] => Eval Test Loader: Zero_Shot_Lam: 86.85
2025-11-15 02:08:24,428 [bofa.py] => Task 3, Epoch 1/15 => Loss_Clip 2.225, Train_acc 76.08
2025-11-15 02:08:39,792 [bofa.py] => Task 3, Epoch 2/15 => Loss_Clip 1.381, Train_acc 91.72
2025-11-15 02:08:55,028 [bofa.py] => Task 3, Epoch 3/15 => Loss_Clip 1.307, Train_acc 94.06
2025-11-15 02:09:10,374 [bofa.py] => Task 3, Epoch 4/15 => Loss_Clip 1.268, Train_acc 95.24
2025-11-15 02:09:25,748 [bofa.py] => Task 3, Epoch 5/15 => Loss_Clip 1.250, Train_acc 95.16
